[samuelowusu.netlify.app/index.html]
[backblue.gif]
[fade.gif]
[index.html]
[samuelowusu.netlify.app/site.webmanifest]
[aromalanil.me/art/home.jpg]
[samuelowusu.netlify.app/favicon/apple-touch-icon.png]
[samuelowusu.netlify.app/favicon/favicon-32x32.png]
[samuelowusu.netlify.app/favicon/favicon-16x16.png]
[ajax.googleapis.com/ajax/libs/jquery/3.4.1/jquery.min.js]
[cdnjs.cloudflare.com/ajax/libs/font-awesome/4.7.0/css/font-awesome.min.css]
[unpkg.com/balloon-css@1.1.0/balloon.min.css]
[d33wubrfki0l68.cloudfront.net/css/cfae224ae264d327e45e119458cff5c785f191d7/assets/css/preloader.css]
[d33wubrfki0l68.cloudfront.net/css/d12ef6da5cdfba7507aa1f14d60afb66b1930f83/assets/css/style.css]
[samuelowusu.netlify.app/assets/img/profilepic.jpg]
[d33wubrfki0l68.cloudfront.net/c12b5d1a7b3e4853143fff9e3820a7da3e269fc7/19f67/assets/images/projects/tic_tac_toe.jpg]
[samuelowusu.netlify.app/assets/resources/owusu_samuel_cv.pdf]
[d33wubrfki0l68.cloudfront.net/de26594f297371bac0a1cba3d409cdccba6f1ef8/5c215/assets/images/projects/js-documentation.png]
[d33wubrfki0l68.cloudfront.net/2a621e7a5be2d5fa790faeb29c9a9e05f540a66b/52765/assets/images/projects/srms.jpg]
[d33wubrfki0l68.cloudfront.net/687fa99bc31e51a9042e047c4a0647fa403a86af/5a09c/assets/images/projects/all_in_one.png]
[d33wubrfki0l68.cloudfront.net/6977764e6358bf9859edf27d50036339213164d2/dc404/assets/images/projects/lumidex.jpg]
[d33wubrfki0l68.cloudfront.net/2e26b520c44811b974648054d1c077825ef22175/0f63a/art/home.jpg]
[d33wubrfki0l68.cloudfront.net/js/35e4aff23c6d94e4a0ab7300b1d35152702544de/assets/libraries/baffle.js]
[d33wubrfki0l68.cloudfront.net/js/d898de673c5ecb7dc58a3521993454edd5ab6860/assets/js/script.js]
[samuelowusu.netlify.app/index.html]
[samuelowusu.netlify.app/site.html]
[samuelowusu.netlify.app/favicon/apple-touch-icon.html]
[samuelowusu.netlify.app/favicon/favicon-32x32.html]
[samuelowusu.netlify.app/favicon/favicon-16x16.html]
[cdnjs.cloudflare.com/ajax/libs/font-awesome/4.7.0/css/font-awesome.min.css]
[unpkg.com/balloon-css@1.1.0/balloon.min.css]
[d33wubrfki0l68.cloudfront.net/css/cfae224ae264d327e45e119458cff5c785f191d7/assets/css/preloader.css]
[d33wubrfki0l68.cloudfront.net/css/8744b21e292c932a1c051bd57ae1015bd24873ad/assets/css/hamburger.css]
[d33wubrfki0l68.cloudfront.net/css/d12ef6da5cdfba7507aa1f14d60afb66b1930f83/assets/css/style.css]
